Component: ARM Compiler 5.06 update 6 (build 750) Tool: armlink [4d35ed]

==============================================================================

Section Cross References

    main.o(.text) refers to delay.o(.text) for delay_init
    main.o(.text) refers to misc.o(.text) for NVIC_PriorityGroupConfig
    main.o(.text) refers to usart.o(.text) for uart3_init
    main.o(.text) refers to led.o(.text) for LED_Init
    main.o(.text) refers to iap.o(.text) for judge_updata
    main.o(.text) refers to stm32f10x_gpio.o(.text) for GPIO_ReadInputDataBit
    main.o(.text) refers to stm32f10x_flash.o(.text) for FLASH_Unlock
    main.o(.text) refers to stm32f10x_usart.o(.text) for USART_SendData
    main.o(.text) refers to iap.o(.data) for iap_flag
    main.o(.text) refers to main.o(.data) for global_count
    main.o(.text) refers to usart.o(.data) for state
    system_stm32f10x.o(.text) refers to system_stm32f10x.o(.data) for SystemCoreClock
    led.o(.text) refers to stm32f10x_rcc.o(.text) for RCC_APB2PeriphClockCmd
    led.o(.text) refers to stm32f10x_gpio.o(.text) for GPIO_Init
    adxl345.o(.text) refers to myiic.o(.text) for IIC_Start
    adxl345.o(.text) refers to delay.o(.text) for delay_ms
    adxl345.o(.text) refers to f2d.o(.text) for __aeabi_f2d
    adxl345.o(.text) refers to fmul.o(.text) for __aeabi_fmul
    adxl345.o(.text) refers to fadd.o(.text) for __aeabi_fadd
    adxl345.o(.text) refers to sqrt.o(i.sqrt) for sqrt
    adxl345.o(.text) refers to ddiv.o(.text) for __aeabi_ddiv
    adxl345.o(.text) refers to d2f.o(.text) for __aeabi_d2f
    adxl345.o(.text) refers to atan.o(i.atan) for atan
    adxl345.o(.text) refers to dfixi.o(.text) for __aeabi_d2iz
    adxl345.o(.text) refers to fflti.o(.text) for __aeabi_i2f
    adxl345.o(.text) refers to main.o(.data) for global_count
    adxl345.o(.text) refers to adxl345.o(.data) for angle
    myiic.o(.text) refers to stm32f10x_rcc.o(.text) for RCC_APB2PeriphClockCmd
    myiic.o(.text) refers to stm32f10x_gpio.o(.text) for GPIO_Init
    myiic.o(.text) refers to delay.o(.text) for delay_us
    pwm.o(.text) refers to stm32f10x_tim.o(.text) for TIM_SetCompare1
    pwm.o(.text) refers to stm32f10x_rcc.o(.text) for RCC_APB2PeriphClockCmd
    pwm.o(.text) refers to stm32f10x_gpio.o(.text) for GPIO_PinRemapConfig
    pwm.o(.text) refers to delay.o(.text) for delay_ms
    pwm.o(.text) refers to adxl345.o(.data) for angle
    pwm.o(.text) refers to pwm.o(.data) for Servo_state
    pwm.o(.text) refers to usart.o(.data) for no_cmd_time
    adc.o(.text) refers to stm32f10x_rcc.o(.text) for RCC_APB2PeriphClockCmd
    adc.o(.text) refers to stm32f10x_gpio.o(.text) for GPIO_Init
    adc.o(.text) refers to stm32f10x_adc.o(.text) for ADC_DeInit
    adc.o(.text) refers to delay.o(.text) for delay_ms
    iap.o(.text) refers to stmflash.o(.text) for STMFLASH_Write
    iap.o(.text) refers to sys.o(.emb_text) for MSR_MSP
    iap.o(.text) refers to stm32f10x_gpio.o(.text) for GPIO_ReadInputDataBit
    iap.o(.text) refers to stm32f10x_usart.o(.text) for USART_ITConfig
    iap.o(.text) refers to delay.o(.text) for delay_ms
    iap.o(.text) refers to iap.o(.bss) for iapbuf
    iap.o(.text) refers to iap.o(.data) for jump2app
    stmflash.o(.text) refers to stm32f10x_flash.o(.text) for FLASH_ProgramHalfWord
    stmflash.o(.text) refers to stmflash.o(.bss) for STMFLASH_BUF
    delay.o(.text) refers to misc.o(.text) for SysTick_CLKSourceConfig
    delay.o(.text) refers to system_stm32f10x.o(.data) for SystemCoreClock
    delay.o(.text) refers to delay.o(.data) for fac_us
    usart.o(.text) refers to stm32f10x_rcc.o(.text) for RCC_APB2PeriphClockCmd
    usart.o(.text) refers to stm32f10x_gpio.o(.text) for GPIO_Init
    usart.o(.text) refers to misc.o(.text) for NVIC_Init
    usart.o(.text) refers to stm32f10x_usart.o(.text) for USART_Init
    usart.o(.text) refers to stm32f10x_flash.o(.text) for FLASH_Unlock
    usart.o(.text) refers to delay.o(.text) for delay_ms
    usart.o(.text) refers to fmul.o(.text) for __aeabi_fmul
    usart.o(.text) refers to cfrcmple.o(.text) for __aeabi_cfrcmple
    usart.o(.text) refers to cfcmple.o(.text) for __aeabi_cfcmple
    usart.o(.text) refers to ffixui.o(.text) for __aeabi_f2uiz
    usart.o(.text) refers to usart.o(.data) for state
    usart.o(.text) refers to usart.o(.ARM.__AT_0x20001000) for USART_IAP_BUF
    usart.o(.text) refers to iap.o(.data) for iap_state
    usart.o(.text) refers to main.o(.data) for global_count
    startup_stm32f10x_hd.o(RESET) refers to startup_stm32f10x_hd.o(STACK) for __initial_sp
    startup_stm32f10x_hd.o(RESET) refers to startup_stm32f10x_hd.o(.text) for Reset_Handler
    startup_stm32f10x_hd.o(RESET) refers to stm32f10x_it.o(.text) for NMI_Handler
    startup_stm32f10x_hd.o(RESET) refers to usart.o(.text) for USART3_IRQHandler
    startup_stm32f10x_hd.o(.text) refers to system_stm32f10x.o(.text) for SystemInit
    startup_stm32f10x_hd.o(.text) refers to entry.o(.ARM.Collect$$$$00000000) for __main
    stm32f10x_gpio.o(.text) refers to stm32f10x_rcc.o(.text) for RCC_APB2PeriphResetCmd
    stm32f10x_rcc.o(.text) refers to stm32f10x_rcc.o(.data) for APBAHBPrescTable
    stm32f10x_usart.o(.text) refers to stm32f10x_rcc.o(.text) for RCC_APB2PeriphResetCmd
    stm32f10x_tim.o(.text) refers to stm32f10x_rcc.o(.text) for RCC_APB2PeriphResetCmd
    stm32f10x_adc.o(.text) refers to stm32f10x_rcc.o(.text) for RCC_APB2PeriphResetCmd
    atan.o(i.__softfp_atan) refers (Special) to iusefp.o(.text) for __I$use$fp
    atan.o(i.__softfp_atan) refers to atan.o(i.atan) for atan
    atan.o(i.atan) refers (Special) to iusefp.o(.text) for __I$use$fp
    atan.o(i.atan) refers to dunder.o(i.__mathlib_dbl_infnan) for __mathlib_dbl_infnan
    atan.o(i.atan) refers to fpclassify.o(i.__ARM_fpclassify) for __ARM_fpclassify
    atan.o(i.atan) refers to dunder.o(i.__mathlib_dbl_underflow) for __mathlib_dbl_underflow
    atan.o(i.atan) refers to dadd.o(.text) for __aeabi_dadd
    atan.o(i.atan) refers to dscalb.o(.text) for __ARM_scalbn
    atan.o(i.atan) refers to ddiv.o(.text) for __aeabi_ddiv
    atan.o(i.atan) refers to dmul.o(.text) for __aeabi_dmul
    atan.o(i.atan) refers to poly.o(i.__kernel_poly) for __kernel_poly
    atan.o(i.atan) refers to atan.o(.constdata) for .constdata
    atan.o(.constdata) refers (Special) to iusefp.o(.text) for __I$use$fp
    atan_x.o(i.____softfp_atan$lsc) refers (Special) to iusefp.o(.text) for __I$use$fp
    atan_x.o(i.____softfp_atan$lsc) refers to atan_x.o(i.__atan$lsc) for __atan$lsc
    atan_x.o(i.__atan$lsc) refers (Special) to iusefp.o(.text) for __I$use$fp
    atan_x.o(i.__atan$lsc) refers to dunder.o(i.__mathlib_dbl_infnan) for __mathlib_dbl_infnan
    atan_x.o(i.__atan$lsc) refers to dadd.o(.text) for __aeabi_dadd
    atan_x.o(i.__atan$lsc) refers to dscalb.o(.text) for __ARM_scalbn
    atan_x.o(i.__atan$lsc) refers to ddiv.o(.text) for __aeabi_ddiv
    atan_x.o(i.__atan$lsc) refers to dmul.o(.text) for __aeabi_dmul
    atan_x.o(i.__atan$lsc) refers to poly.o(i.__kernel_poly) for __kernel_poly
    atan_x.o(i.__atan$lsc) refers to atan_x.o(.constdata) for .constdata
    atan_x.o(.constdata) refers (Special) to iusefp.o(.text) for __I$use$fp
    sqrt.o(i.__softfp_sqrt) refers (Special) to iusefp.o(.text) for __I$use$fp
    sqrt.o(i.__softfp_sqrt) refers to dsqrt.o(.text) for _dsqrt
    sqrt.o(i.__softfp_sqrt) refers to errno.o(i.__set_errno) for __set_errno
    sqrt.o(i.sqrt) refers (Special) to iusefp.o(.text) for __I$use$fp
    sqrt.o(i.sqrt) refers to dsqrt.o(.text) for _dsqrt
    sqrt.o(i.sqrt) refers to errno.o(i.__set_errno) for __set_errno
    sqrt_x.o(i.____softfp_sqrt$lsc) refers (Special) to iusefp.o(.text) for __I$use$fp
    sqrt_x.o(i.____softfp_sqrt$lsc) refers to cdcmple.o(.text) for __aeabi_cdcmple
    sqrt_x.o(i.____softfp_sqrt$lsc) refers to errno.o(i.__set_errno) for __set_errno
    sqrt_x.o(i.____softfp_sqrt$lsc) refers to dsqrt.o(.text) for _dsqrt
    sqrt_x.o(i.__sqrt$lsc) refers (Special) to iusefp.o(.text) for __I$use$fp
    sqrt_x.o(i.__sqrt$lsc) refers to cdcmple.o(.text) for __aeabi_cdcmple
    sqrt_x.o(i.__sqrt$lsc) refers to errno.o(i.__set_errno) for __set_errno
    sqrt_x.o(i.__sqrt$lsc) refers to dsqrt.o(.text) for _dsqrt
    entry.o(.ARM.Collect$$$$00000000) refers (Special) to entry10a.o(.ARM.Collect$$$$0000000D) for __rt_final_cpp
    entry.o(.ARM.Collect$$$$00000000) refers (Special) to entry11a.o(.ARM.Collect$$$$0000000F) for __rt_final_exit
    entry.o(.ARM.Collect$$$$00000000) refers (Special) to entry7b.o(.ARM.Collect$$$$00000008) for _main_clock
    entry.o(.ARM.Collect$$$$00000000) refers (Special) to entry8b.o(.ARM.Collect$$$$0000000A) for _main_cpp_init
    entry.o(.ARM.Collect$$$$00000000) refers (Special) to entry9a.o(.ARM.Collect$$$$0000000B) for _main_init
    entry.o(.ARM.Collect$$$$00000000) refers (Special) to entry5.o(.ARM.Collect$$$$00000004) for _main_scatterload
    entry.o(.ARM.Collect$$$$00000000) refers (Special) to entry2.o(.ARM.Collect$$$$00000001) for _main_stk
    fadd.o(.text) refers (Special) to iusefp.o(.text) for __I$use$fp
    fadd.o(.text) refers to fepilogue.o(.text) for _float_epilogue
    fmul.o(.text) refers (Special) to iusefp.o(.text) for __I$use$fp
    ddiv.o(.text) refers (Special) to iusefp.o(.text) for __I$use$fp
    ddiv.o(.text) refers to depilogue.o(.text) for _double_round
    fflti.o(.text) refers (Special) to iusefp.o(.text) for __I$use$fp
    fflti.o(.text) refers to fepilogue.o(.text) for _float_epilogue
    ffixui.o(.text) refers (Special) to iusefp.o(.text) for __I$use$fp
    dfixi.o(.text) refers (Special) to iusefp.o(.text) for __I$use$fp
    dfixi.o(.text) refers to llushr.o(.text) for __aeabi_llsr
    f2d.o(.text) refers (Special) to iusefp.o(.text) for __I$use$fp
    d2f.o(.text) refers (Special) to iusefp.o(.text) for __I$use$fp
    d2f.o(.text) refers to fepilogue.o(.text) for _float_round
    cfcmple.o(.text) refers (Special) to iusefp.o(.text) for __I$use$fp
    cfrcmple.o(.text) refers (Special) to iusefp.o(.text) for __I$use$fp
    dunder.o(i.__mathlib_dbl_divzero) refers to ddiv.o(.text) for __aeabi_ddiv
    dunder.o(i.__mathlib_dbl_infnan) refers to dscalb.o(.text) for __ARM_scalbn
    dunder.o(i.__mathlib_dbl_infnan2) refers to dadd.o(.text) for __aeabi_dadd
    dunder.o(i.__mathlib_dbl_invalid) refers to ddiv.o(.text) for __aeabi_ddiv
    dunder.o(i.__mathlib_dbl_overflow) refers to dscalb.o(.text) for __ARM_scalbn
    dunder.o(i.__mathlib_dbl_posinfnan) refers to dmul.o(.text) for __aeabi_dmul
    dunder.o(i.__mathlib_dbl_underflow) refers to dscalb.o(.text) for __ARM_scalbn
    fpclassify.o(i.__ARM_fpclassify) refers (Special) to iusefp.o(.text) for __I$use$fp
    poly.o(i.__kernel_poly) refers (Special) to iusefp.o(.text) for __I$use$fp
    poly.o(i.__kernel_poly) refers to dmul.o(.text) for __aeabi_dmul
    poly.o(i.__kernel_poly) refers to dadd.o(.text) for __aeabi_dadd
    entry2.o(.ARM.Collect$$$$00000001) refers to entry2.o(.ARM.Collect$$$$00002712) for __lit__00000000
    entry2.o(.ARM.Collect$$$$00002712) refers to startup_stm32f10x_hd.o(STACK) for __initial_sp
    entry2.o(__vectab_stack_and_reset_area) refers to startup_stm32f10x_hd.o(STACK) for __initial_sp
    entry2.o(__vectab_stack_and_reset_area) refers to entry.o(.ARM.Collect$$$$00000000) for __main
    entry5.o(.ARM.Collect$$$$00000004) refers to init.o(.text) for __scatterload
    entry9a.o(.ARM.Collect$$$$0000000B) refers to main.o(.text) for main
    entry9b.o(.ARM.Collect$$$$0000000C) refers to main.o(.text) for main
    errno.o(i.__aeabi_errno_addr) refers to errno.o(.data) for .data
    errno.o(i.__read_errno) refers to errno.o(.data) for .data
    errno.o(i.__set_errno) refers to errno.o(.data) for .data
    depilogue.o(.text) refers to llshl.o(.text) for __aeabi_llsl
    depilogue.o(.text) refers to llushr.o(.text) for __aeabi_llsr
    dadd.o(.text) refers to llshl.o(.text) for __aeabi_llsl
    dadd.o(.text) refers to llsshr.o(.text) for __aeabi_lasr
    dadd.o(.text) refers to depilogue.o(.text) for _double_epilogue
    dmul.o(.text) refers to depilogue.o(.text) for _double_epilogue
    dsqrt.o(.text) refers to llushr.o(.text) for __aeabi_llsr
    dsqrt.o(.text) refers to depilogue.o(.text) for _double_round
    init.o(.text) refers to entry5.o(.ARM.Collect$$$$00000004) for __main_after_scatterload


==============================================================================

Removing Unused input sections from the image.

    Removing adxl345.o(.text), (1308 bytes).
    Removing adxl345.o(.data), (2 bytes).
    Removing myiic.o(.text), (684 bytes).
    Removing pwm.o(.text), (736 bytes).
    Removing pwm.o(.data), (1 bytes).
    Removing adc.o(.text), (236 bytes).
    Removing sys.o(.text), (12 bytes).
    Removing core_cm3.o(.emb_text), (32 bytes).
    Removing startup_stm32f10x_hd.o(HEAP), (512 bytes).
    Removing stm32f10x_tim.o(.text), (3610 bytes).
    Removing stm32f10x_adc.o(.text), (1102 bytes).
    Removing fadd.o(.text), (176 bytes).
    Removing ddiv.o(.text), (222 bytes).
    Removing fflti.o(.text), (18 bytes).
    Removing dfixi.o(.text), (62 bytes).
    Removing f2d.o(.text), (38 bytes).
    Removing d2f.o(.text), (56 bytes).
    Removing fepilogue.o(.text), (110 bytes).
    Removing depilogue.o(.text), (186 bytes).
    Removing dadd.o(.text), (334 bytes).
    Removing dmul.o(.text), (228 bytes).
    Removing dscalb.o(.text), (46 bytes).
    Removing dsqrt.o(.text), (162 bytes).
    Removing cdcmple.o(.text), (48 bytes).

24 unused section(s) (total 9921 bytes) removed from the image.

==============================================================================

Image Symbol Table

    Local Symbols

    Symbol Name                              Value     Ov Type        Size  Object(Section)

    ../clib/microlib/errno.c                 0x00000000   Number         0  errno.o ABSOLUTE
    ../clib/microlib/init/entry.s            0x00000000   Number         0  entry11a.o ABSOLUTE
    ../clib/microlib/init/entry.s            0x00000000   Number         0  entry7b.o ABSOLUTE
    ../clib/microlib/init/entry.s            0x00000000   Number         0  entry8a.o ABSOLUTE
    ../clib/microlib/init/entry.s            0x00000000   Number         0  entry9a.o ABSOLUTE
    ../clib/microlib/init/entry.s            0x00000000   Number         0  entry5.o ABSOLUTE
    ../clib/microlib/init/entry.s            0x00000000   Number         0  entry8b.o ABSOLUTE
    ../clib/microlib/init/entry.s            0x00000000   Number         0  entry2.o ABSOLUTE
    ../clib/microlib/init/entry.s            0x00000000   Number         0  entry9b.o ABSOLUTE
    ../clib/microlib/init/entry.s            0x00000000   Number         0  entry10b.o ABSOLUTE
    ../clib/microlib/init/entry.s            0x00000000   Number         0  entry10a.o ABSOLUTE
    ../clib/microlib/init/entry.s            0x00000000   Number         0  entry11b.o ABSOLUTE
    ../clib/microlib/init/entry.s            0x00000000   Number         0  entry7a.o ABSOLUTE
    ../clib/microlib/init/entry.s            0x00000000   Number         0  entry.o ABSOLUTE
    ../clib/microlib/longlong.c              0x00000000   Number         0  llshl.o ABSOLUTE
    ../clib/microlib/longlong.c              0x00000000   Number         0  llushr.o ABSOLUTE
    ../clib/microlib/longlong.c              0x00000000   Number         0  llsshr.o ABSOLUTE
    ../clib/microlib/stubs.s                 0x00000000   Number         0  iusefp.o ABSOLUTE
    ../clib/microlib/stubs.s                 0x00000000   Number         0  useno.o ABSOLUTE
    ../fplib/microlib/d2f.c                  0x00000000   Number         0  d2f.o ABSOLUTE
    ../fplib/microlib/f2d.c                  0x00000000   Number         0  f2d.o ABSOLUTE
    ../fplib/microlib/fpadd.c                0x00000000   Number         0  dadd.o ABSOLUTE
    ../fplib/microlib/fpadd.c                0x00000000   Number         0  fadd.o ABSOLUTE
    ../fplib/microlib/fpdiv.c                0x00000000   Number         0  ddiv.o ABSOLUTE
    ../fplib/microlib/fpepilogue.c           0x00000000   Number         0  depilogue.o ABSOLUTE
    ../fplib/microlib/fpepilogue.c           0x00000000   Number         0  fepilogue.o ABSOLUTE
    ../fplib/microlib/fpfix.c                0x00000000   Number         0  ffixui.o ABSOLUTE
    ../fplib/microlib/fpfix.c                0x00000000   Number         0  dfixi.o ABSOLUTE
    ../fplib/microlib/fpflt.c                0x00000000   Number         0  fflti.o ABSOLUTE
    ../fplib/microlib/fpmul.c                0x00000000   Number         0  fmul.o ABSOLUTE
    ../fplib/microlib/fpmul.c                0x00000000   Number         0  dmul.o ABSOLUTE
    ../fplib/microlib/fpscalb.c              0x00000000   Number         0  dscalb.o ABSOLUTE
    ../fplib/microlib/fpsqrt.c               0x00000000   Number         0  dsqrt.o ABSOLUTE
    ../mathlib/atan.c                        0x00000000   Number         0  atan.o ABSOLUTE
    ../mathlib/atan.c                        0x00000000   Number         0  atan_x.o ABSOLUTE
    ../mathlib/dunder.c                      0x00000000   Number         0  dunder.o ABSOLUTE
    ../mathlib/fpclassify.c                  0x00000000   Number         0  fpclassify.o ABSOLUTE
    ../mathlib/poly.c                        0x00000000   Number         0  poly.o ABSOLUTE
    ../mathlib/sqrt.c                        0x00000000   Number         0  sqrt_x.o ABSOLUTE
    ../mathlib/sqrt.c                        0x00000000   Number         0  sqrt.o ABSOLUTE
    ..\CORE\core_cm3.c                       0x00000000   Number         0  core_cm3.o ABSOLUTE
    ..\CORE\startup_stm32f10x_hd.s           0x00000000   Number         0  startup_stm32f10x_hd.o ABSOLUTE
    ..\HARDWARE\ADC\adc.c                    0x00000000   Number         0  adc.o ABSOLUTE
    ..\HARDWARE\ADXL345\adxl345.c            0x00000000   Number         0  adxl345.o ABSOLUTE
    ..\HARDWARE\IAP\iap.c                    0x00000000   Number         0  iap.o ABSOLUTE
    ..\HARDWARE\IIC\myiic.c                  0x00000000   Number         0  myiic.o ABSOLUTE
    ..\HARDWARE\LED\led.c                    0x00000000   Number         0  led.o ABSOLUTE
    ..\HARDWARE\PWM\pwm.c                    0x00000000   Number         0  pwm.o ABSOLUTE
    ..\HARDWARE\STMFLASH\stmflash.c          0x00000000   Number         0  stmflash.o ABSOLUTE
    ..\STM32F10x_FWLib\src\misc.c            0x00000000   Number         0  misc.o ABSOLUTE
    ..\STM32F10x_FWLib\src\stm32f10x_adc.c   0x00000000   Number         0  stm32f10x_adc.o ABSOLUTE
    ..\STM32F10x_FWLib\src\stm32f10x_flash.c 0x00000000   Number         0  stm32f10x_flash.o ABSOLUTE
    ..\STM32F10x_FWLib\src\stm32f10x_gpio.c  0x00000000   Number         0  stm32f10x_gpio.o ABSOLUTE
    ..\STM32F10x_FWLib\src\stm32f10x_rcc.c   0x00000000   Number         0  stm32f10x_rcc.o ABSOLUTE
    ..\STM32F10x_FWLib\src\stm32f10x_tim.c   0x00000000   Number         0  stm32f10x_tim.o ABSOLUTE
    ..\STM32F10x_FWLib\src\stm32f10x_usart.c 0x00000000   Number         0  stm32f10x_usart.o ABSOLUTE
    ..\SYSTEM\delay\delay.c                  0x00000000   Number         0  delay.o ABSOLUTE
    ..\SYSTEM\sys\sys.c                      0x00000000   Number         0  sys.o ABSOLUTE
    ..\SYSTEM\usart\usart.c                  0x00000000   Number         0  usart.o ABSOLUTE
    ..\\CORE\\core_cm3.c                     0x00000000   Number         0  core_cm3.o ABSOLUTE
    ..\\SYSTEM\\sys\\sys.c                   0x00000000   Number         0  sys.o ABSOLUTE
    cdcmple.s                                0x00000000   Number         0  cdcmple.o ABSOLUTE
    cfcmple.s                                0x00000000   Number         0  cfcmple.o ABSOLUTE
    cfrcmple.s                               0x00000000   Number         0  cfrcmple.o ABSOLUTE
    dc.s                                     0x00000000   Number         0  dc.o ABSOLUTE
    handlers.s                               0x00000000   Number         0  handlers.o ABSOLUTE
    init.s                                   0x00000000   Number         0  init.o ABSOLUTE
    main.c                                   0x00000000   Number         0  main.o ABSOLUTE
    stm32f10x_it.c                           0x00000000   Number         0  stm32f10x_it.o ABSOLUTE
    system_stm32f10x.c                       0x00000000   Number         0  system_stm32f10x.o ABSOLUTE
    RESET                                    0x08000000   Section      304  startup_stm32f10x_hd.o(RESET)
    .ARM.Collect$$$$00000000                 0x08000130   Section        0  entry.o(.ARM.Collect$$$$00000000)
    .ARM.Collect$$$$00000001                 0x08000130   Section        4  entry2.o(.ARM.Collect$$$$00000001)
    .ARM.Collect$$$$00000004                 0x08000134   Section        4  entry5.o(.ARM.Collect$$$$00000004)
    .ARM.Collect$$$$00000008                 0x08000138   Section        0  entry7b.o(.ARM.Collect$$$$00000008)
    .ARM.Collect$$$$0000000A                 0x08000138   Section        0  entry8b.o(.ARM.Collect$$$$0000000A)
    .ARM.Collect$$$$0000000B                 0x08000138   Section        8  entry9a.o(.ARM.Collect$$$$0000000B)
    .ARM.Collect$$$$0000000D                 0x08000140   Section        0  entry10a.o(.ARM.Collect$$$$0000000D)
    .ARM.Collect$$$$0000000F                 0x08000140   Section        0  entry11a.o(.ARM.Collect$$$$0000000F)
    .ARM.Collect$$$$00002712                 0x08000140   Section        4  entry2.o(.ARM.Collect$$$$00002712)
    __lit__00000000                          0x08000140   Data           4  entry2.o(.ARM.Collect$$$$00002712)
    .emb_text                                0x08000144   Section        6  sys.o(.emb_text)
    .text                                    0x0800014c   Section        0  main.o(.text)
    .text                                    0x08000318   Section        0  stm32f10x_it.o(.text)
    .text                                    0x08000334   Section        0  system_stm32f10x.o(.text)
    SetSysClockTo72                          0x08000335   Thumb Code   214  system_stm32f10x.o(.text)
    SetSysClock                              0x0800040b   Thumb Code     8  system_stm32f10x.o(.text)
    .text                                    0x08000514   Section        0  led.o(.text)
    .text                                    0x08000570   Section        0  stm32f10x_flash.o(.text)
    .text                                    0x08000b2c   Section        0  iap.o(.text)
    .text                                    0x08000c0c   Section        0  stmflash.o(.text)
    .text                                    0x08000d50   Section        0  delay.o(.text)
    .text                                    0x08000e24   Section        0  usart.o(.text)
    .text                                    0x0800111c   Section       36  startup_stm32f10x_hd.o(.text)
    .text                                    0x08001140   Section        0  misc.o(.text)
    .text                                    0x0800121c   Section        0  stm32f10x_gpio.o(.text)
    .text                                    0x08001578   Section        0  stm32f10x_rcc.o(.text)
    .text                                    0x0800191c   Section        0  stm32f10x_usart.o(.text)
    .text                                    0x08001d24   Section        0  fmul.o(.text)
    .text                                    0x08001d88   Section        0  ffixui.o(.text)
    .text                                    0x08001db0   Section       20  cfcmple.o(.text)
    .text                                    0x08001dc4   Section       20  cfrcmple.o(.text)
    .text                                    0x08001dd8   Section        0  iusefp.o(.text)
    .text                                    0x08001dd8   Section       36  init.o(.text)
    i.__scatterload_copy                     0x08001dfc   Section       14  handlers.o(i.__scatterload_copy)
    i.__scatterload_null                     0x08001e0a   Section        2  handlers.o(i.__scatterload_null)
    i.__scatterload_zeroinit                 0x08001e0c   Section       14  handlers.o(i.__scatterload_zeroinit)
    .data                                    0x20000000   Section        4  main.o(.data)
    .data                                    0x20000004   Section       20  system_stm32f10x.o(.data)
    .data                                    0x20000018   Section        6  iap.o(.data)
    .data                                    0x2000001e   Section        4  delay.o(.data)
    fac_us                                   0x2000001e   Data           1  delay.o(.data)
    fac_ms                                   0x20000020   Data           2  delay.o(.data)
    .data                                    0x20000024   Section       30  usart.o(.data)
    flag                                     0x20000040   Data           1  usart.o(.data)
    Last_data                                0x20000041   Data           1  usart.o(.data)
    .data                                    0x20000042   Section       20  stm32f10x_rcc.o(.data)
    APBAHBPrescTable                         0x20000042   Data          16  stm32f10x_rcc.o(.data)
    ADCPrescTable                            0x20000052   Data           4  stm32f10x_rcc.o(.data)
    .bss                                     0x20000058   Section     2048  iap.o(.bss)
    STACK                                    0x20000858   Section     1024  startup_stm32f10x_hd.o(STACK)
    .ARM.__AT_0x20001000                     0x20001000   Section     4096  usart.o(.ARM.__AT_0x20001000)
    .bss                                     0x20002000   Section     2048  stmflash.o(.bss)

    Global Symbols

    Symbol Name                              Value     Ov Type        Size  Object(Section)

    BuildAttributes$$THM_ISAv4$P$D$K$B$S$PE$A:L22UL41UL21$X:L11$S22US41US21$IEEE1$IW$USESV6$~STKCKD$USESV7$~SHL$OTIME$ROPI$IEEEX$EBA8$MICROLIB$REQ8$PRES8$EABIv2 0x00000000   Number         0  anon$$obj.o ABSOLUTE
    __ARM_use_no_argv                        0x00000000   Number         0  main.o ABSOLUTE
    __use_no_errno                           0x00000000   Number         0  useno.o ABSOLUTE
    __use_no_exception_handling              0x00000000   Number         0  useno.o ABSOLUTE
    __use_no_fp                              0x00000000   Number         0  useno.o ABSOLUTE
    __use_no_heap                            0x00000000   Number         0  useno.o ABSOLUTE
    __use_no_heap_region                     0x00000000   Number         0  useno.o ABSOLUTE
    __use_no_semihosting                     0x00000000   Number         0  useno.o ABSOLUTE
    __use_no_semihosting_swi                 0x00000000   Number         0  useno.o ABSOLUTE
    __use_no_signal_handling                 0x00000000   Number         0  useno.o ABSOLUTE
    __cpp_initialize__aeabi_                  - Undefined Weak Reference
    __cxa_finalize                            - Undefined Weak Reference
    __decompress                              - Undefined Weak Reference
    _clock_init                               - Undefined Weak Reference
    _microlib_exit                            - Undefined Weak Reference
    __Vectors_Size                           0x00000130   Number         0  startup_stm32f10x_hd.o ABSOLUTE
    __Vectors                                0x08000000   Data           4  startup_stm32f10x_hd.o(RESET)
    __Vectors_End                            0x08000130   Data           0  startup_stm32f10x_hd.o(RESET)
    __main                                   0x08000131   Thumb Code     0  entry.o(.ARM.Collect$$$$00000000)
    _main_stk                                0x08000131   Thumb Code     0  entry2.o(.ARM.Collect$$$$00000001)
    _main_scatterload                        0x08000135   Thumb Code     0  entry5.o(.ARM.Collect$$$$00000004)
    __main_after_scatterload                 0x08000139   Thumb Code     0  entry5.o(.ARM.Collect$$$$00000004)
    _main_clock                              0x08000139   Thumb Code     0  entry7b.o(.ARM.Collect$$$$00000008)
    _main_cpp_init                           0x08000139   Thumb Code     0  entry8b.o(.ARM.Collect$$$$0000000A)
    _main_init                               0x08000139   Thumb Code     0  entry9a.o(.ARM.Collect$$$$0000000B)
    __rt_final_cpp                           0x08000141   Thumb Code     0  entry10a.o(.ARM.Collect$$$$0000000D)
    __rt_final_exit                          0x08000141   Thumb Code     0  entry11a.o(.ARM.Collect$$$$0000000F)
    MSR_MSP                                  0x08000145   Thumb Code     6  sys.o(.emb_text)
    main                                     0x0800014d   Thumb Code   420  main.o(.text)
    NMI_Handler                              0x08000319   Thumb Code     2  stm32f10x_it.o(.text)
    HardFault_Handler                        0x0800031b   Thumb Code     4  stm32f10x_it.o(.text)
    MemManage_Handler                        0x0800031f   Thumb Code     4  stm32f10x_it.o(.text)
    BusFault_Handler                         0x08000323   Thumb Code     4  stm32f10x_it.o(.text)
    UsageFault_Handler                       0x08000327   Thumb Code     4  stm32f10x_it.o(.text)
    SVC_Handler                              0x0800032b   Thumb Code     2  stm32f10x_it.o(.text)
    DebugMon_Handler                         0x0800032d   Thumb Code     2  stm32f10x_it.o(.text)
    PendSV_Handler                           0x0800032f   Thumb Code     2  stm32f10x_it.o(.text)
    SysTick_Handler                          0x08000331   Thumb Code     2  stm32f10x_it.o(.text)
    SystemInit                               0x08000413   Thumb Code    78  system_stm32f10x.o(.text)
    SystemCoreClockUpdate                    0x08000461   Thumb Code   142  system_stm32f10x.o(.text)
    LED_Init                                 0x08000515   Thumb Code    50  led.o(.text)
    KEY_Init                                 0x08000547   Thumb Code    34  led.o(.text)
    FLASH_SetLatency                         0x08000571   Thumb Code    18  stm32f10x_flash.o(.text)
    FLASH_HalfCycleAccessCmd                 0x08000583   Thumb Code    22  stm32f10x_flash.o(.text)
    FLASH_PrefetchBufferCmd                  0x08000599   Thumb Code    22  stm32f10x_flash.o(.text)
    FLASH_Unlock                             0x080005af   Thumb Code    12  stm32f10x_flash.o(.text)
    FLASH_UnlockBank1                        0x080005bb   Thumb Code    12  stm32f10x_flash.o(.text)
    FLASH_Lock                               0x080005c7   Thumb Code    14  stm32f10x_flash.o(.text)
    FLASH_LockBank1                          0x080005d5   Thumb Code    14  stm32f10x_flash.o(.text)
    FLASH_GetBank1Status                     0x080005e3   Thumb Code    48  stm32f10x_flash.o(.text)
    FLASH_WaitForLastOperation               0x08000613   Thumb Code    38  stm32f10x_flash.o(.text)
    FLASH_ErasePage                          0x08000639   Thumb Code    72  stm32f10x_flash.o(.text)
    FLASH_EraseAllPages                      0x08000681   Thumb Code    68  stm32f10x_flash.o(.text)
    FLASH_WaitForLastBank1Operation          0x080006c5   Thumb Code    38  stm32f10x_flash.o(.text)
    FLASH_EraseAllBank1Pages                 0x080006eb   Thumb Code    68  stm32f10x_flash.o(.text)
    FLASH_GetReadOutProtectionStatus         0x0800072f   Thumb Code    20  stm32f10x_flash.o(.text)
    FLASH_EraseOptionBytes                   0x08000743   Thumb Code   150  stm32f10x_flash.o(.text)
    FLASH_ProgramWord                        0x080007d9   Thumb Code   102  stm32f10x_flash.o(.text)
    FLASH_ProgramHalfWord                    0x0800083f   Thumb Code    60  stm32f10x_flash.o(.text)
    FLASH_ProgramOptionByteData              0x0800087b   Thumb Code    72  stm32f10x_flash.o(.text)
    FLASH_EnableWriteProtection              0x080008c3   Thumb Code   200  stm32f10x_flash.o(.text)
    FLASH_ReadOutProtection                  0x0800098b   Thumb Code   156  stm32f10x_flash.o(.text)
    FLASH_UserOptionByteConfig               0x08000a27   Thumb Code    88  stm32f10x_flash.o(.text)
    FLASH_GetUserOptionByte                  0x08000a7f   Thumb Code     8  stm32f10x_flash.o(.text)
    FLASH_GetWriteProtectionOptionByte       0x08000a87   Thumb Code     6  stm32f10x_flash.o(.text)
    FLASH_GetPrefetchBufferStatus            0x08000a8d   Thumb Code    20  stm32f10x_flash.o(.text)
    FLASH_ITConfig                           0x08000aa1   Thumb Code    26  stm32f10x_flash.o(.text)
    FLASH_GetFlagStatus                      0x08000abb   Thumb Code    42  stm32f10x_flash.o(.text)
    FLASH_ClearFlag                          0x08000ae5   Thumb Code     6  stm32f10x_flash.o(.text)
    FLASH_GetStatus                          0x08000aeb   Thumb Code    48  stm32f10x_flash.o(.text)
    iap_write_appbin                         0x08000b2d   Thumb Code    98  iap.o(.text)
    iap_load_app                             0x08000b8f   Thumb Code    36  iap.o(.text)
    judge_updata                             0x08000bb3   Thumb Code    60  iap.o(.text)
    STMFLASH_ReadHalfWord                    0x08000c0d   Thumb Code     6  stmflash.o(.text)
    STMFLASH_Write_NoCheck                   0x08000c13   Thumb Code    38  stmflash.o(.text)
    STMFLASH_Read                            0x08000c39   Thumb Code    34  stmflash.o(.text)
    STMFLASH_Write                           0x08000c5b   Thumb Code   222  stmflash.o(.text)
    Test_Write                               0x08000d39   Thumb Code    16  stmflash.o(.text)
    delay_init                               0x08000d51   Thumb Code    50  delay.o(.text)
    delay_us                                 0x08000d83   Thumb Code    72  delay.o(.text)
    delay_ms                                 0x08000dcb   Thumb Code    72  delay.o(.text)
    _sys_exit                                0x08000e25   Thumb Code     6  usart.o(.text)
    fputc                                    0x08000e2b   Thumb Code    24  usart.o(.text)
    uart3_init                               0x08000e43   Thumb Code   200  usart.o(.text)
    uart3_send_char                          0x08000f0b   Thumb Code    28  usart.o(.text)
    uart3_send_buff                          0x08000f27   Thumb Code    24  usart.o(.text)
    USART3_IRQHandler                        0x08000f3f   Thumb Code   218  usart.o(.text)
    USART3_Remote_Mode                       0x08001019   Thumb Code    12  usart.o(.text)
    write_E32_mode                           0x08001025   Thumb Code    68  usart.o(.text)
    Send_Controller_Vol                      0x08001069   Thumb Code    94  usart.o(.text)
    Reset_Handler                            0x0800111d   Thumb Code     8  startup_stm32f10x_hd.o(.text)
    ADC1_2_IRQHandler                        0x08001137   Thumb Code     0  startup_stm32f10x_hd.o(.text)
    ADC3_IRQHandler                          0x08001137   Thumb Code     0  startup_stm32f10x_hd.o(.text)
    CAN1_RX1_IRQHandler                      0x08001137   Thumb Code     0  startup_stm32f10x_hd.o(.text)
    CAN1_SCE_IRQHandler                      0x08001137   Thumb Code     0  startup_stm32f10x_hd.o(.text)
    DMA1_Channel1_IRQHandler                 0x08001137   Thumb Code     0  startup_stm32f10x_hd.o(.text)
    DMA1_Channel2_IRQHandler                 0x08001137   Thumb Code     0  startup_stm32f10x_hd.o(.text)
    DMA1_Channel3_IRQHandler                 0x08001137   Thumb Code     0  startup_stm32f10x_hd.o(.text)
    DMA1_Channel4_IRQHandler                 0x08001137   Thumb Code     0  startup_stm32f10x_hd.o(.text)
    DMA1_Channel5_IRQHandler                 0x08001137   Thumb Code     0  startup_stm32f10x_hd.o(.text)
    DMA1_Channel6_IRQHandler                 0x08001137   Thumb Code     0  startup_stm32f10x_hd.o(.text)
    DMA1_Channel7_IRQHandler                 0x08001137   Thumb Code     0  startup_stm32f10x_hd.o(.text)
    DMA2_Channel1_IRQHandler                 0x08001137   Thumb Code     0  startup_stm32f10x_hd.o(.text)
    DMA2_Channel2_IRQHandler                 0x08001137   Thumb Code     0  startup_stm32f10x_hd.o(.text)
    DMA2_Channel3_IRQHandler                 0x08001137   Thumb Code     0  startup_stm32f10x_hd.o(.text)
    DMA2_Channel4_5_IRQHandler               0x08001137   Thumb Code     0  startup_stm32f10x_hd.o(.text)
    EXTI0_IRQHandler                         0x08001137   Thumb Code     0  startup_stm32f10x_hd.o(.text)
    EXTI15_10_IRQHandler                     0x08001137   Thumb Code     0  startup_stm32f10x_hd.o(.text)
    EXTI1_IRQHandler                         0x08001137   Thumb Code     0  startup_stm32f10x_hd.o(.text)
    EXTI2_IRQHandler                         0x08001137   Thumb Code     0  startup_stm32f10x_hd.o(.text)
    EXTI3_IRQHandler                         0x08001137   Thumb Code     0  startup_stm32f10x_hd.o(.text)
    EXTI4_IRQHandler                         0x08001137   Thumb Code     0  startup_stm32f10x_hd.o(.text)
    EXTI9_5_IRQHandler                       0x08001137   Thumb Code     0  startup_stm32f10x_hd.o(.text)
    FLASH_IRQHandler                         0x08001137   Thumb Code     0  startup_stm32f10x_hd.o(.text)
    FSMC_IRQHandler                          0x08001137   Thumb Code     0  startup_stm32f10x_hd.o(.text)
    I2C1_ER_IRQHandler                       0x08001137   Thumb Code     0  startup_stm32f10x_hd.o(.text)
    I2C1_EV_IRQHandler                       0x08001137   Thumb Code     0  startup_stm32f10x_hd.o(.text)
    I2C2_ER_IRQHandler                       0x08001137   Thumb Code     0  startup_stm32f10x_hd.o(.text)
    I2C2_EV_IRQHandler                       0x08001137   Thumb Code     0  startup_stm32f10x_hd.o(.text)
    PVD_IRQHandler                           0x08001137   Thumb Code     0  startup_stm32f10x_hd.o(.text)
    RCC_IRQHandler                           0x08001137   Thumb Code     0  startup_stm32f10x_hd.o(.text)
    RTCAlarm_IRQHandler                      0x08001137   Thumb Code     0  startup_stm32f10x_hd.o(.text)
    RTC_IRQHandler                           0x08001137   Thumb Code     0  startup_stm32f10x_hd.o(.text)
    SDIO_IRQHandler                          0x08001137   Thumb Code     0  startup_stm32f10x_hd.o(.text)
    SPI1_IRQHandler                          0x08001137   Thumb Code     0  startup_stm32f10x_hd.o(.text)
    SPI2_IRQHandler                          0x08001137   Thumb Code     0  startup_stm32f10x_hd.o(.text)
    SPI3_IRQHandler                          0x08001137   Thumb Code     0  startup_stm32f10x_hd.o(.text)
    TAMPER_IRQHandler                        0x08001137   Thumb Code     0  startup_stm32f10x_hd.o(.text)
    TIM1_BRK_IRQHandler                      0x08001137   Thumb Code     0  startup_stm32f10x_hd.o(.text)
    TIM1_CC_IRQHandler                       0x08001137   Thumb Code     0  startup_stm32f10x_hd.o(.text)
    TIM1_TRG_COM_IRQHandler                  0x08001137   Thumb Code     0  startup_stm32f10x_hd.o(.text)
    TIM1_UP_IRQHandler                       0x08001137   Thumb Code     0  startup_stm32f10x_hd.o(.text)
    TIM2_IRQHandler                          0x08001137   Thumb Code     0  startup_stm32f10x_hd.o(.text)
    TIM3_IRQHandler                          0x08001137   Thumb Code     0  startup_stm32f10x_hd.o(.text)
    TIM4_IRQHandler                          0x08001137   Thumb Code     0  startup_stm32f10x_hd.o(.text)
    TIM5_IRQHandler                          0x08001137   Thumb Code     0  startup_stm32f10x_hd.o(.text)
    TIM6_IRQHandler                          0x08001137   Thumb Code     0  startup_stm32f10x_hd.o(.text)
    TIM7_IRQHandler                          0x08001137   Thumb Code     0  startup_stm32f10x_hd.o(.text)
    TIM8_BRK_IRQHandler                      0x08001137   Thumb Code     0  startup_stm32f10x_hd.o(.text)
    TIM8_CC_IRQHandler                       0x08001137   Thumb Code     0  startup_stm32f10x_hd.o(.text)
    TIM8_TRG_COM_IRQHandler                  0x08001137   Thumb Code     0  startup_stm32f10x_hd.o(.text)
    TIM8_UP_IRQHandler                       0x08001137   Thumb Code     0  startup_stm32f10x_hd.o(.text)
    UART4_IRQHandler                         0x08001137   Thumb Code     0  startup_stm32f10x_hd.o(.text)
    UART5_IRQHandler                         0x08001137   Thumb Code     0  startup_stm32f10x_hd.o(.text)
    USART1_IRQHandler                        0x08001137   Thumb Code     0  startup_stm32f10x_hd.o(.text)
    USART2_IRQHandler                        0x08001137   Thumb Code     0  startup_stm32f10x_hd.o(.text)
    USBWakeUp_IRQHandler                     0x08001137   Thumb Code     0  startup_stm32f10x_hd.o(.text)
    USB_HP_CAN1_TX_IRQHandler                0x08001137   Thumb Code     0  startup_stm32f10x_hd.o(.text)
    USB_LP_CAN1_RX0_IRQHandler               0x08001137   Thumb Code     0  startup_stm32f10x_hd.o(.text)
    WWDG_IRQHandler                          0x08001137   Thumb Code     0  startup_stm32f10x_hd.o(.text)
    NVIC_PriorityGroupConfig                 0x08001141   Thumb Code    10  misc.o(.text)
    NVIC_Init                                0x0800114b   Thumb Code   100  misc.o(.text)
    NVIC_SetVectorTable                      0x080011af   Thumb Code    14  misc.o(.text)
    NVIC_SystemLPConfig                      0x080011bd   Thumb Code    34  misc.o(.text)
    SysTick_CLKSourceConfig                  0x080011df   Thumb Code    40  misc.o(.text)
    GPIO_DeInit                              0x0800121d   Thumb Code   172  stm32f10x_gpio.o(.text)
    GPIO_AFIODeInit                          0x080012c9   Thumb Code    20  stm32f10x_gpio.o(.text)
    GPIO_Init                                0x080012dd   Thumb Code   278  stm32f10x_gpio.o(.text)
    GPIO_StructInit                          0x080013f3   Thumb Code    16  stm32f10x_gpio.o(.text)
    GPIO_ReadInputDataBit                    0x08001403   Thumb Code    18  stm32f10x_gpio.o(.text)
    GPIO_ReadInputData                       0x08001415   Thumb Code     8  stm32f10x_gpio.o(.text)
    GPIO_ReadOutputDataBit                   0x0800141d   Thumb Code    18  stm32f10x_gpio.o(.text)
    GPIO_ReadOutputData                      0x0800142f   Thumb Code     8  stm32f10x_gpio.o(.text)
    GPIO_SetBits                             0x08001437   Thumb Code     4  stm32f10x_gpio.o(.text)
    GPIO_ResetBits                           0x0800143b   Thumb Code     4  stm32f10x_gpio.o(.text)
    GPIO_WriteBit                            0x0800143f   Thumb Code    10  stm32f10x_gpio.o(.text)
    GPIO_Write                               0x08001449   Thumb Code     4  stm32f10x_gpio.o(.text)
    GPIO_PinLockConfig                       0x0800144d   Thumb Code    18  stm32f10x_gpio.o(.text)
    GPIO_EventOutputConfig                   0x0800145f   Thumb Code    26  stm32f10x_gpio.o(.text)
    GPIO_EventOutputCmd                      0x08001479   Thumb Code     6  stm32f10x_gpio.o(.text)
    GPIO_PinRemapConfig                      0x0800147f   Thumb Code   138  stm32f10x_gpio.o(.text)
    GPIO_EXTILineConfig                      0x08001509   Thumb Code    66  stm32f10x_gpio.o(.text)
    GPIO_ETH_MediaInterfaceConfig            0x0800154b   Thumb Code     8  stm32f10x_gpio.o(.text)
    RCC_DeInit                               0x08001579   Thumb Code    64  stm32f10x_rcc.o(.text)
    RCC_HSEConfig                            0x080015b9   Thumb Code    70  stm32f10x_rcc.o(.text)
    RCC_GetFlagStatus                        0x080015ff   Thumb Code    56  stm32f10x_rcc.o(.text)
    RCC_WaitForHSEStartUp                    0x08001637   Thumb Code    56  stm32f10x_rcc.o(.text)
    RCC_AdjustHSICalibrationValue            0x0800166f   Thumb Code    20  stm32f10x_rcc.o(.text)
    RCC_HSICmd                               0x08001683   Thumb Code     6  stm32f10x_rcc.o(.text)
    RCC_PLLConfig                            0x08001689   Thumb Code    24  stm32f10x_rcc.o(.text)
    RCC_PLLCmd                               0x080016a1   Thumb Code     6  stm32f10x_rcc.o(.text)
    RCC_SYSCLKConfig                         0x080016a7   Thumb Code    18  stm32f10x_rcc.o(.text)
    RCC_GetSYSCLKSource                      0x080016b9   Thumb Code    10  stm32f10x_rcc.o(.text)
    RCC_HCLKConfig                           0x080016c3   Thumb Code    18  stm32f10x_rcc.o(.text)
    RCC_PCLK1Config                          0x080016d5   Thumb Code    18  stm32f10x_rcc.o(.text)
    RCC_PCLK2Config                          0x080016e7   Thumb Code    20  stm32f10x_rcc.o(.text)
    RCC_ITConfig                             0x080016fb   Thumb Code    26  stm32f10x_rcc.o(.text)
    RCC_USBCLKConfig                         0x08001715   Thumb Code     8  stm32f10x_rcc.o(.text)
    RCC_ADCCLKConfig                         0x0800171d   Thumb Code    18  stm32f10x_rcc.o(.text)
    RCC_LSEConfig                            0x0800172f   Thumb Code    50  stm32f10x_rcc.o(.text)
    RCC_LSICmd                               0x08001761   Thumb Code     6  stm32f10x_rcc.o(.text)
    RCC_RTCCLKConfig                         0x08001767   Thumb Code    12  stm32f10x_rcc.o(.text)
    RCC_RTCCLKCmd                            0x08001773   Thumb Code     8  stm32f10x_rcc.o(.text)
    RCC_GetClocksFreq                        0x0800177b   Thumb Code   192  stm32f10x_rcc.o(.text)
    RCC_AHBPeriphClockCmd                    0x0800183b   Thumb Code    26  stm32f10x_rcc.o(.text)
    RCC_APB2PeriphClockCmd                   0x08001855   Thumb Code    26  stm32f10x_rcc.o(.text)
    RCC_APB1PeriphClockCmd                   0x0800186f   Thumb Code    26  stm32f10x_rcc.o(.text)
    RCC_APB2PeriphResetCmd                   0x08001889   Thumb Code    26  stm32f10x_rcc.o(.text)
    RCC_APB1PeriphResetCmd                   0x080018a3   Thumb Code    26  stm32f10x_rcc.o(.text)
    RCC_BackupResetCmd                       0x080018bd   Thumb Code     8  stm32f10x_rcc.o(.text)
    RCC_ClockSecuritySystemCmd               0x080018c5   Thumb Code     6  stm32f10x_rcc.o(.text)
    RCC_MCOConfig                            0x080018cb   Thumb Code     6  stm32f10x_rcc.o(.text)
    RCC_ClearFlag                            0x080018d1   Thumb Code    14  stm32f10x_rcc.o(.text)
    RCC_GetITStatus                          0x080018df   Thumb Code    20  stm32f10x_rcc.o(.text)
    RCC_ClearITPendingBit                    0x080018f3   Thumb Code     6  stm32f10x_rcc.o(.text)
    USART_DeInit                             0x0800191d   Thumb Code   134  stm32f10x_usart.o(.text)
    USART_Init                               0x080019a3   Thumb Code   210  stm32f10x_usart.o(.text)
    USART_StructInit                         0x08001a75   Thumb Code    24  stm32f10x_usart.o(.text)
    USART_ClockInit                          0x08001a8d   Thumb Code    34  stm32f10x_usart.o(.text)
    USART_ClockStructInit                    0x08001aaf   Thumb Code    12  stm32f10x_usart.o(.text)
    USART_Cmd                                0x08001abb   Thumb Code    24  stm32f10x_usart.o(.text)
    USART_ITConfig                           0x08001ad3   Thumb Code    74  stm32f10x_usart.o(.text)
    USART_DMACmd                             0x08001b1d   Thumb Code    18  stm32f10x_usart.o(.text)
    USART_SetAddress                         0x08001b2f   Thumb Code    18  stm32f10x_usart.o(.text)
    USART_WakeUpConfig                       0x08001b41   Thumb Code    18  stm32f10x_usart.o(.text)
    USART_ReceiverWakeUpCmd                  0x08001b53   Thumb Code    24  stm32f10x_usart.o(.text)
    USART_LINBreakDetectLengthConfig         0x08001b6b   Thumb Code    18  stm32f10x_usart.o(.text)
    USART_LINCmd                             0x08001b7d   Thumb Code    24  stm32f10x_usart.o(.text)
    USART_SendData                           0x08001b95   Thumb Code     8  stm32f10x_usart.o(.text)
    USART_ReceiveData                        0x08001b9d   Thumb Code    10  stm32f10x_usart.o(.text)
    USART_SendBreak                          0x08001ba7   Thumb Code    10  stm32f10x_usart.o(.text)
    USART_SetGuardTime                       0x08001bb1   Thumb Code    16  stm32f10x_usart.o(.text)
    USART_SetPrescaler                       0x08001bc1   Thumb Code    16  stm32f10x_usart.o(.text)
    USART_SmartCardCmd                       0x08001bd1   Thumb Code    24  stm32f10x_usart.o(.text)
    USART_SmartCardNACKCmd                   0x08001be9   Thumb Code    24  stm32f10x_usart.o(.text)
    USART_HalfDuplexCmd                      0x08001c01   Thumb Code    24  stm32f10x_usart.o(.text)
    USART_OverSampling8Cmd                   0x08001c19   Thumb Code    22  stm32f10x_usart.o(.text)
    USART_OneBitMethodCmd                    0x08001c2f   Thumb Code    24  stm32f10x_usart.o(.text)
    USART_IrDAConfig                         0x08001c47   Thumb Code    18  stm32f10x_usart.o(.text)
    USART_IrDACmd                            0x08001c59   Thumb Code    24  stm32f10x_usart.o(.text)
    USART_GetFlagStatus                      0x08001c71   Thumb Code    26  stm32f10x_usart.o(.text)
    USART_ClearFlag                          0x08001c8b   Thumb Code    18  stm32f10x_usart.o(.text)
    USART_GetITStatus                        0x08001c9d   Thumb Code    84  stm32f10x_usart.o(.text)
    USART_ClearITPendingBit                  0x08001cf1   Thumb Code    52  stm32f10x_usart.o(.text)
    __aeabi_fmul                             0x08001d25   Thumb Code   100  fmul.o(.text)
    __aeabi_f2uiz                            0x08001d89   Thumb Code    40  ffixui.o(.text)
    __aeabi_cfcmpeq                          0x08001db1   Thumb Code     0  cfcmple.o(.text)
    __aeabi_cfcmple                          0x08001db1   Thumb Code    20  cfcmple.o(.text)
    __aeabi_cfrcmple                         0x08001dc5   Thumb Code    20  cfrcmple.o(.text)
    __I$use$fp                               0x08001dd9   Thumb Code     0  iusefp.o(.text)
    __scatterload                            0x08001dd9   Thumb Code    28  init.o(.text)
    __scatterload_rt2                        0x08001dd9   Thumb Code     0  init.o(.text)
    __scatterload_copy                       0x08001dfd   Thumb Code    14  handlers.o(i.__scatterload_copy)
    __scatterload_null                       0x08001e0b   Thumb Code     2  handlers.o(i.__scatterload_null)
    __scatterload_zeroinit                   0x08001e0d   Thumb Code    14  handlers.o(i.__scatterload_zeroinit)
    Region$$Table$$Base                      0x08001e1c   Number         0  anon$$obj.o(Region$$Table)
    Region$$Table$$Limit                     0x08001e3c   Number         0  anon$$obj.o(Region$$Table)
    global_count                             0x20000000   Data           4  main.o(.data)
    SystemCoreClock                          0x20000004   Data           4  system_stm32f10x.o(.data)
    AHBPrescTable                            0x20000008   Data          16  system_stm32f10x.o(.data)
    jump2app                                 0x20000018   Data           4  iap.o(.data)
    iap_flag                                 0x2000001c   Data           1  iap.o(.data)
    iap_state                                0x2000001d   Data           1  iap.o(.data)
    __stdout                                 0x20000024   Data           4  usart.o(.data)
    rec_count                                0x20000028   Data           2  usart.o(.data)
    val                                      0x2000002a   Data           4  usart.o(.data)
    Lin                                      0x2000002e   Data           2  usart.o(.data)
    Rin                                      0x20000030   Data           2  usart.o(.data)
    no_cmd_time                              0x20000032   Data           2  usart.o(.data)
    vol                                      0x20000034   Data           4  usart.o(.data)
    USART_RX_CNT                             0x20000038   Data           2  usart.o(.data)
    state                                    0x2000003a   Data           1  usart.o(.data)
    page_erase                               0x2000003b   Data           1  usart.o(.data)
    FLASH_addr                               0x2000003c   Data           4  usart.o(.data)
    iapbuf                                   0x20000058   Data        2048  iap.o(.bss)
    __initial_sp                             0x20000c58   Data           0  startup_stm32f10x_hd.o(STACK)
    USART_IAP_BUF                            0x20001000   Data        4096  usart.o(.ARM.__AT_0x20001000)
    STMFLASH_BUF                             0x20002000   Data        2048  stmflash.o(.bss)



==============================================================================

Memory Map of the image

  Image Entry point : 0x08000131

  Load Region LR_IROM1 (Base: 0x08000000, Size: 0x00001e94, Max: 0x00040000, ABSOLUTE)

    Execution Region ER_IROM1 (Exec base: 0x08000000, Load base: 0x08000000, Size: 0x00001e3c, Max: 0x00040000, ABSOLUTE)

    Exec Addr    Load Addr    Size         Type   Attr      Idx    E Section Name        Object

    0x08000000   0x08000000   0x00000130   Data   RO          507    RESET               startup_stm32f10x_hd.o
    0x08000130   0x08000130   0x00000000   Code   RO          604  * .ARM.Collect$$$$00000000  mc_w.l(entry.o)
    0x08000130   0x08000130   0x00000004   Code   RO          645    .ARM.Collect$$$$00000001  mc_w.l(entry2.o)
    0x08000134   0x08000134   0x00000004   Code   RO          648    .ARM.Collect$$$$00000004  mc_w.l(entry5.o)
    0x08000138   0x08000138   0x00000000   Code   RO          650    .ARM.Collect$$$$00000008  mc_w.l(entry7b.o)
    0x08000138   0x08000138   0x00000000   Code   RO          652    .ARM.Collect$$$$0000000A  mc_w.l(entry8b.o)
    0x08000138   0x08000138   0x00000008   Code   RO          653    .ARM.Collect$$$$0000000B  mc_w.l(entry9a.o)
    0x08000140   0x08000140   0x00000000   Code   RO          655    .ARM.Collect$$$$0000000D  mc_w.l(entry10a.o)
    0x08000140   0x08000140   0x00000000   Code   RO          657    .ARM.Collect$$$$0000000F  mc_w.l(entry11a.o)
    0x08000140   0x08000140   0x00000004   Code   RO          646    .ARM.Collect$$$$00002712  mc_w.l(entry2.o)
    0x08000144   0x08000144   0x00000006   Code   RO          454    .emb_text           sys.o
    0x0800014a   0x0800014a   0x00000002   PAD
    0x0800014c   0x0800014c   0x000001cc   Code   RO            1    .text               main.o
    0x08000318   0x08000318   0x0000001a   Code   RO          140    .text               stm32f10x_it.o
    0x08000332   0x08000332   0x00000002   PAD
    0x08000334   0x08000334   0x000001e0   Code   RO          238    .text               system_stm32f10x.o
    0x08000514   0x08000514   0x0000005c   Code   RO          256    .text               led.o
    0x08000570   0x08000570   0x000005bc   Code   RO          387    .text               stm32f10x_flash.o
    0x08000b2c   0x08000b2c   0x000000e0   Code   RO          399    .text               iap.o
    0x08000c0c   0x08000c0c   0x00000144   Code   RO          425    .text               stmflash.o
    0x08000d50   0x08000d50   0x000000d4   Code   RO          440    .text               delay.o
    0x08000e24   0x08000e24   0x000002f8   Code   RO          471    .text               usart.o
    0x0800111c   0x0800111c   0x00000024   Code   RO          508    .text               startup_stm32f10x_hd.o
    0x08001140   0x08001140   0x000000dc   Code   RO          512    .text               misc.o
    0x0800121c   0x0800121c   0x0000035c   Code   RO          524    .text               stm32f10x_gpio.o
    0x08001578   0x08001578   0x000003a4   Code   RO          536    .text               stm32f10x_rcc.o
    0x0800191c   0x0800191c   0x00000408   Code   RO          550    .text               stm32f10x_usart.o
    0x08001d24   0x08001d24   0x00000064   Code   RO          609    .text               mf_w.l(fmul.o)
    0x08001d88   0x08001d88   0x00000028   Code   RO          615    .text               mf_w.l(ffixui.o)
    0x08001db0   0x08001db0   0x00000014   Code   RO          623    .text               mf_w.l(cfcmple.o)
    0x08001dc4   0x08001dc4   0x00000014   Code   RO          625    .text               mf_w.l(cfrcmple.o)
    0x08001dd8   0x08001dd8   0x00000000   Code   RO          668    .text               mc_w.l(iusefp.o)
    0x08001dd8   0x08001dd8   0x00000024   Code   RO          683    .text               mc_w.l(init.o)
    0x08001dfc   0x08001dfc   0x0000000e   Code   RO          691    i.__scatterload_copy  mc_w.l(handlers.o)
    0x08001e0a   0x08001e0a   0x00000002   Code   RO          692    i.__scatterload_null  mc_w.l(handlers.o)
    0x08001e0c   0x08001e0c   0x0000000e   Code   RO          693    i.__scatterload_zeroinit  mc_w.l(handlers.o)
    0x08001e1a   0x08001e1a   0x00000002   PAD
    0x08001e1c   0x08001e1c   0x00000020   Data   RO          689    Region$$Table       anon$$obj.o


    Execution Region RW_IRAM1 (Exec base: 0x20000000, Load base: 0x08001e3c, Size: 0x00002800, Max: 0x0000c000, ABSOLUTE)

    Exec Addr    Load Addr    Size         Type   Attr      Idx    E Section Name        Object

    0x20000000   0x08001e3c   0x00000004   Data   RW            2    .data               main.o
    0x20000004   0x08001e40   0x00000014   Data   RW          239    .data               system_stm32f10x.o
    0x20000018   0x08001e54   0x00000006   Data   RW          401    .data               iap.o
    0x2000001e   0x08001e5a   0x00000004   Data   RW          441    .data               delay.o
    0x20000022   0x08001e5e   0x00000002   PAD
    0x20000024   0x08001e60   0x0000001e   Data   RW          473    .data               usart.o
    0x20000042   0x08001e7e   0x00000014   Data   RW          537    .data               stm32f10x_rcc.o
    0x20000056   0x08001e92   0x00000002   PAD
    0x20000058        -       0x00000800   Zero   RW          400    .bss                iap.o
    0x20000858        -       0x00000400   Zero   RW          505    STACK               startup_stm32f10x_hd.o
    0x20000c58   0x08001e92   0x000003a8   PAD
    0x20001000        -       0x00001000   Zero   RW          472    .ARM.__AT_0x20001000  usart.o
    0x20002000        -       0x00000800   Zero   RW          426    .bss                stmflash.o


==============================================================================

Image component sizes


      Code (inc. data)   RO Data    RW Data    ZI Data      Debug   Object Name

       212         18          0          4          0       1035   delay.o
       224         30          0          6       2048       2434   iap.o
        92          8          0          0          0     205400   led.o
       460         40          0          4          0     224790   main.o
       220         22          0          0          0       1793   misc.o
        36          8        304          0       1024        792   startup_stm32f10x_hd.o
      1468         34          0          0          0       8202   stm32f10x_flash.o
       860         38          0          0          0       5725   stm32f10x_gpio.o
        26          0          0          0          0      30670   stm32f10x_it.o
       932         36          0         20          0       8900   stm32f10x_rcc.o
      1032         22          0          0          0       8452   stm32f10x_usart.o
       324          8          0          0       2048       2802   stmflash.o
         6          0          0          0          0        372   sys.o
       480         38          0         20          0       1731   system_stm32f10x.o
       760         86          0         30       4096       4944   usart.o

    ----------------------------------------------------------------------
      7136        388        336         88      10152     508042   Object Totals
         0          0         32          0          0          0   (incl. Generated)
         4          0          0          4        936          0   (incl. Padding)

    ----------------------------------------------------------------------

      Code (inc. data)   RO Data    RW Data    ZI Data      Debug   Library Member Name

         0          0          0          0          0          0   entry.o
         0          0          0          0          0          0   entry10a.o
         0          0          0          0          0          0   entry11a.o
         8          4          0          0          0          0   entry2.o
         4          0          0          0          0          0   entry5.o
         0          0          0          0          0          0   entry7b.o
         0          0          0          0          0          0   entry8b.o
         8          4          0          0          0          0   entry9a.o
        30          0          0          0          0          0   handlers.o
        36          8          0          0          0         68   init.o
         0          0          0          0          0          0   iusefp.o
        20          0          0          0          0         68   cfcmple.o
        20          0          0          0          0         68   cfrcmple.o
        40          0          0          0          0         68   ffixui.o
       100          0          0          0          0         76   fmul.o

    ----------------------------------------------------------------------
       268         16          0          0          0        348   Library Totals
         2          0          0          0          0          0   (incl. Padding)

    ----------------------------------------------------------------------

      Code (inc. data)   RO Data    RW Data    ZI Data      Debug   Library Name

        86         16          0          0          0         68   mc_w.l
       180          0          0          0          0        280   mf_w.l

    ----------------------------------------------------------------------
       268         16          0          0          0        348   Library Totals

    ----------------------------------------------------------------------

==============================================================================


      Code (inc. data)   RO Data    RW Data    ZI Data      Debug   

      7404        404        336         88      10152     507242   Grand Totals
      7404        404        336         88      10152     507242   ELF Image Totals
      7404        404        336         88          0          0   ROM Totals

==============================================================================

    Total RO  Size (Code + RO Data)                 7740 (   7.56kB)
    Total RW  Size (RW Data + ZI Data)             10240 (  10.00kB)
    Total ROM Size (Code + RO Data + RW Data)       7828 (   7.64kB)

==============================================================================

